// Jest Snapshot v1, https://goo.gl/fbAQLP

exports[`renders a talk view component with only required props 1`] = `
<div
  className="ui container"
  id="page-talk"
>
  <h1
    className="documentFirstHeading"
  >
    Talk
    :
     
    Security of Plone
  </h1>
  <div
    className="ui right floated segment"
  />
  <p
    className="documentDescription"
  >
    What makes Plone secure?
  </p>
</div>
`;
